Archive member included to satisfy reference by file (symbol)

/opt/st/stm32cubeide_1.15.1/plugins/com.st.stm32cube.ide.mcu.externaltools.gnu-tools-for-stm32.12.3.rel1.linux64_1.0.100.202403111256/tools/bin/../lib/gcc/arm-none-eabi/12.3.1/../../../../arm-none-eabi/lib/thumb/v7e-m+dp/hard/libc_nano.a(libc_a-exit.o)
                              /opt/st/stm32cubeide_1.15.1/plugins/com.st.stm32cube.ide.mcu.externaltools.gnu-tools-for-stm32.12.3.rel1.linux64_1.0.100.202403111256/tools/bin/../lib/gcc/arm-none-eabi/12.3.1/../../../../arm-none-eabi/lib/thumb/v7e-m+dp/hard/crt0.o (exit)
/opt/st/stm32cubeide_1.15.1/plugins/com.st.stm32cube.ide.mcu.externaltools.gnu-tools-for-stm32.12.3.rel1.linux64_1.0.100.202403111256/tools/bin/../lib/gcc/arm-none-eabi/12.3.1/../../../../arm-none-eabi/lib/thumb/v7e-m+dp/hard/libc_nano.a(libc_a-findfp.o)
                              /opt/st/stm32cubeide_1.15.1/plugins/com.st.stm32cube.ide.mcu.externaltools.gnu-tools-for-stm32.12.3.rel1.linux64_1.0.100.202403111256/tools/bin/../lib/gcc/arm-none-eabi/12.3.1/../../../../arm-none-eabi/lib/thumb/v7e-m+dp/hard/libc_nano.a(libc_a-exit.o) (__stdio_exit_handler)
/opt/st/stm32cubeide_1.15.1/plugins/com.st.stm32cube.ide.mcu.externaltools.gnu-tools-for-stm32.12.3.rel1.linux64_1.0.100.202403111256/tools/bin/../lib/gcc/arm-none-eabi/12.3.1/../../../../arm-none-eabi/lib/thumb/v7e-m+dp/hard/libc_nano.a(libc_a-fwalk.o)
                              /opt/st/stm32cubeide_1.15.1/plugins/com.st.stm32cube.ide.mcu.externaltools.gnu-tools-for-stm32.12.3.rel1.linux64_1.0.100.202403111256/tools/bin/../lib/gcc/arm-none-eabi/12.3.1/../../../../arm-none-eabi/lib/thumb/v7e-m+dp/hard/libc_nano.a(libc_a-findfp.o) (_fwalk_sglue)
/opt/st/stm32cubeide_1.15.1/plugins/com.st.stm32cube.ide.mcu.externaltools.gnu-tools-for-stm32.12.3.rel1.linux64_1.0.100.202403111256/tools/bin/../lib/gcc/arm-none-eabi/12.3.1/../../../../arm-none-eabi/lib/thumb/v7e-m+dp/hard/libc_nano.a(libc_a-stdio.o)
                              /opt/st/stm32cubeide_1.15.1/plugins/com.st.stm32cube.ide.mcu.externaltools.gnu-tools-for-stm32.12.3.rel1.linux64_1.0.100.202403111256/tools/bin/../lib/gcc/arm-none-eabi/12.3.1/../../../../arm-none-eabi/lib/thumb/v7e-m+dp/hard/libc_nano.a(libc_a-findfp.o) (__sread)
/opt/st/stm32cubeide_1.15.1/plugins/com.st.stm32cube.ide.mcu.externaltools.gnu-tools-for-stm32.12.3.rel1.linux64_1.0.100.202403111256/tools/bin/../lib/gcc/arm-none-eabi/12.3.1/../../../../arm-none-eabi/lib/thumb/v7e-m+dp/hard/libc_nano.a(libc_a-memset.o)
                              /opt/st/stm32cubeide_1.15.1/plugins/com.st.stm32cube.ide.mcu.externaltools.gnu-tools-for-stm32.12.3.rel1.linux64_1.0.100.202403111256/tools/bin/../lib/gcc/arm-none-eabi/12.3.1/../../../../arm-none-eabi/lib/thumb/v7e-m+dp/hard/crt0.o (memset)
/opt/st/stm32cubeide_1.15.1/plugins/com.st.stm32cube.ide.mcu.externaltools.gnu-tools-for-stm32.12.3.rel1.linux64_1.0.100.202403111256/tools/bin/../lib/gcc/arm-none-eabi/12.3.1/../../../../arm-none-eabi/lib/thumb/v7e-m+dp/hard/libc_nano.a(libc_a-closer.o)
                              /opt/st/stm32cubeide_1.15.1/plugins/com.st.stm32cube.ide.mcu.externaltools.gnu-tools-for-stm32.12.3.rel1.linux64_1.0.100.202403111256/tools/bin/../lib/gcc/arm-none-eabi/12.3.1/../../../../arm-none-eabi/lib/thumb/v7e-m+dp/hard/libc_nano.a(libc_a-stdio.o) (_close_r)
/opt/st/stm32cubeide_1.15.1/plugins/com.st.stm32cube.ide.mcu.externaltools.gnu-tools-for-stm32.12.3.rel1.linux64_1.0.100.202403111256/tools/bin/../lib/gcc/arm-none-eabi/12.3.1/../../../../arm-none-eabi/lib/thumb/v7e-m+dp/hard/libc_nano.a(libc_a-reent.o)
                              /opt/st/stm32cubeide_1.15.1/plugins/com.st.stm32cube.ide.mcu.externaltools.gnu-tools-for-stm32.12.3.rel1.linux64_1.0.100.202403111256/tools/bin/../lib/gcc/arm-none-eabi/12.3.1/../../../../arm-none-eabi/lib/thumb/v7e-m+dp/hard/libc_nano.a(libc_a-closer.o) (errno)
/opt/st/stm32cubeide_1.15.1/plugins/com.st.stm32cube.ide.mcu.externaltools.gnu-tools-for-stm32.12.3.rel1.linux64_1.0.100.202403111256/tools/bin/../lib/gcc/arm-none-eabi/12.3.1/../../../../arm-none-eabi/lib/thumb/v7e-m+dp/hard/libc_nano.a(libc_a-impure.o)
                              /opt/st/stm32cubeide_1.15.1/plugins/com.st.stm32cube.ide.mcu.externaltools.gnu-tools-for-stm32.12.3.rel1.linux64_1.0.100.202403111256/tools/bin/../lib/gcc/arm-none-eabi/12.3.1/../../../../arm-none-eabi/lib/thumb/v7e-m+dp/hard/libc_nano.a(libc_a-reent.o) (_impure_ptr)
/opt/st/stm32cubeide_1.15.1/plugins/com.st.stm32cube.ide.mcu.externaltools.gnu-tools-for-stm32.12.3.rel1.linux64_1.0.100.202403111256/tools/bin/../lib/gcc/arm-none-eabi/12.3.1/../../../../arm-none-eabi/lib/thumb/v7e-m+dp/hard/libc_nano.a(libc_a-lseekr.o)
                              /opt/st/stm32cubeide_1.15.1/plugins/com.st.stm32cube.ide.mcu.externaltools.gnu-tools-for-stm32.12.3.rel1.linux64_1.0.100.202403111256/tools/bin/../lib/gcc/arm-none-eabi/12.3.1/../../../../arm-none-eabi/lib/thumb/v7e-m+dp/hard/libc_nano.a(libc_a-stdio.o) (_lseek_r)
[...]
Memory Configuration

Name             Origin             Length             Attributes
RAM              0x20000000         0x00080000         xrw
FLASH            0x08000000         0x00200000         xr
*default*        0x00000000         0xffffffff

Linker script and memory map

LOAD /opt/st/stm32cubeide_1.15.1/plugins/com.st.stm32cube.ide.mcu.externaltools.gnu-tools-for-stm32.12.3.rel1.linux64_1.0.100.202403111256/tools/bin/../lib/gcc/arm-none-eabi/12.3.1/thumb/v7e-m+dp/hard/crti.o
LOAD /opt/st/stm32cubeide_1.15.1/plugins/com.st.stm32cube.ide.mcu.externaltools.gnu-tools-for-stm32.12.3.rel1.linux64_1.0.100.202403111256/tools/bin/../lib/gcc/arm-none-eabi/12.3.1/thumb/v7e-m+dp/hard/crtbegin.o
LOAD /opt/st/stm32cubeide_1.15.1/plugins/com.st.stm32cube.ide.mcu.externaltools.gnu-tools-for-stm32.12.3.rel1.linux64_1.0.100.202403111256/tools/bin/../lib/gcc/arm-none-eabi/12.3.1/../../../../arm-none-eabi/lib/thumb/v7e-m+dp/hard/crt0.o
LOAD ./Core/Src/main.o
LOAD ./Core/Src/stm32f7xx_hal_msp.o
LOAD ./Core/Src/stm32f7xx_it.o
LOAD ./Core/Src/syscalls.o
LOAD ./Core/Src/sysmem.o
LOAD ./Core/Src/system_stm32f7xx.o
LOAD ./Core/Src/ws2812_spi.o
LOAD ./Core/Startup/startup_stm32f767zitx.o
LOAD ./Drivers/STM32F7xx_HAL_Driver/Src/stm32f7xx_hal.o
LOAD ./Drivers/STM32F7xx_HAL_Driver/Src/stm32f7xx_hal_cortex.o
LOAD ./Drivers/STM32F7xx_HAL_Driver/Src/stm32f7xx_hal_dma.o
LOAD ./Drivers/STM32F7xx_HAL_Driver/Src/stm32f7xx_hal_dma_ex.o
LOAD ./Drivers/STM32F7xx_HAL_Driver/Src/stm32f7xx_hal_eth.o
LOAD ./Drivers/STM32F7xx_HAL_Driver/Src/stm32f7xx_hal_exti.o
LOAD ./Drivers/STM32F7xx_HAL_Driver/Src/stm32f7xx_hal_flash.o
LOAD ./Drivers/STM32F7xx_HAL_Driver/Src/stm32f7xx_hal_flash_ex.o
LOAD ./Drivers/STM32F7xx_HAL_Driver/Src/stm32f7xx_hal_gpio.o
LOAD ./Drivers/STM32F7xx_HAL_Driver/Src/stm32f7xx_hal_i2c.o
LOAD ./Drivers/STM32F7xx_HAL_Driver/Src/stm32f7xx_hal_i2c_ex.o
LOAD ./Drivers/STM32F7xx_HAL_Driver/Src/stm32f7xx_hal_pcd.o
LOAD ./Drivers/STM32F7xx_HAL_Driver/Src/stm32f7xx_hal_pcd_ex.o
LOAD ./Drivers/STM32F7xx_HAL_Driver/Src/stm32f7xx_hal_pwr.o
LOAD ./Drivers/STM32F7xx_HAL_Driver/Src/stm32f7xx_hal_pwr_ex.o
LOAD ./Drivers/STM32F7xx_HAL_Driver/Src/stm32f7xx_hal_rcc.o
LOAD ./Drivers/STM32F7xx_HAL_Driver/Src/stm32f7xx_hal_rcc_ex.o
LOAD ./Drivers/STM32F7xx_HAL_Driver/Src/stm32f7xx_hal_spi.o
LOAD ./Drivers/STM32F7xx_HAL_Driver/Src/stm32f7xx_hal_spi_ex.o
LOAD ./Drivers/STM32F7xx_HAL_Driver/Src/stm32f7xx_hal_tim.o
LOAD ./Drivers/STM32F7xx_HAL_Driver/Src/stm32f7xx_hal_tim_ex.o
LOAD ./Drivers/STM32F7xx_HAL_Driver/Src/stm32f7xx_hal_uart.o
LOAD ./Drivers/STM32F7xx_HAL_Driver/Src/stm32f7xx_hal_uart_ex.o
LOAD ./Drivers/STM32F7xx_HAL_Driver/Src/stm32f7xx_ll_usb.o
START GROUP
LOAD /opt/st/stm32cubeide_1.15.1/plugins/com.st.stm32cube.ide.mcu.externaltools.gnu-tools-for-stm32.12.3.rel1.linux64_1.0.100.202403111256/tools/bin/../lib/gcc/arm-none-eabi/12.3.1/../../../../arm-none-eabi/lib/thumb/v7e-m+dp/hard/libc_nano.a
LOAD /opt/st/stm32cubeide_1.15.1/plugins/com.st.stm32cube.ide.mcu.externaltools.gnu-tools-for-stm32.12.3.rel1.linux64_1.0.100.202403111256/tools/bin/../lib/gcc/arm-none-eabi/12.3.1/../../../../arm-none-eabi/lib/thumb/v7e-m+dp/hard/libm.a
END GROUP
START GROUP
LOAD /opt/st/stm32cubeide_1.15.1/plugins/com.st.stm32cube.ide.mcu.externaltools.gnu-tools-for-stm32.12.3.rel1.linux64_1.0.100.202403111256/tools/bin/../lib/gcc/arm-none-eabi/12.3.1/thumb/v7e-m+dp/hard/libgcc.a
LOAD /opt/st/stm32cubeide_1.15.1/plugins/com.st.stm32cube.ide.mcu.externaltools.gnu-tools-for-stm32.12.3.rel1.linux64_1.0.100.202403111256/tools/bin/../lib/gcc/arm-none-eabi/12.3.1/../../../../arm-none-eabi/lib/thumb/v7e-m+dp/hard/libc_nano.a
END GROUP
START GROUP
LOAD /opt/st/stm32cubeide_1.15.1/plugins/com.st.stm32cube.ide.mcu.externaltools.gnu-tools-for-stm32.12.3.rel1.linux64_1.0.100.202403111256/tools/bin/../lib/gcc/arm-none-eabi/12.3.1/thumb/v7e-m+dp/hard/libgcc.a
LOAD /opt/st/stm32cubeide_1.15.1/plugins/com.st.stm32cube.ide.mcu.externaltools.gnu-tools-for-stm32.12.3.rel1.linux64_1.0.100.202403111256/tools/bin/../lib/gcc/arm-none-eabi/12.3.1/../../../../arm-none-eabi/lib/thumb/v7e-m+dp/hard/libc_nano.a
LOAD /opt/st/stm32cubeide_1.15.1/plugins/com.st.stm32cube.ide.mcu.externaltools.gnu-tools-for-stm32.12.3.rel1.linux64_1.0.100.202403111256/tools/bin/../lib/gcc/arm-none-eabi/12.3.1/../../../../arm-none-eabi/lib/thumb/v7e-m+dp/hard/libnosys.a
END GROUP
START GROUP
LOAD /opt/st/stm32cubeide_1.15.1/plugins/com.st.stm32cube.ide.mcu.externaltools.gnu-tools-for-stm32.12.3.rel1.linux64_1.0.100.202403111256/tools/bin/../lib/gcc/arm-none-eabi/12.3.1/thumb/v7e-m+dp/hard/libgcc.a
LOAD /opt/st/stm32cubeide_1.15.1/plugins/com.st.stm32cube.ide.mcu.externaltools.gnu-tools-for-stm32.12.3.rel1.linux64_1.0.100.202403111256/tools/bin/../lib/gcc/arm-none-eabi/12.3.1/../../../../arm-none-eabi/lib/thumb/v7e-m+dp/hard/libc_nano.a
LOAD /opt/st/stm32cubeide_1.15.1/plugins/com.st.stm32cube.ide.mcu.externaltools.gnu-tools-for-stm32.12.3.rel1.linux64_1.0.100.202403111256/tools/bin/../lib/gcc/arm-none-eabi/12.3.1/../../../../arm-none-eabi/lib/thumb/v7e-m+dp/hard/libnosys.a
END GROUP
LOAD /opt/st/stm32cubeide_1.15.1/plugins/com.st.stm32cube.ide.mcu.externaltools.gnu-tools-for-stm32.12.3.rel1.linux64_1.0.100.202403111256/tools/bin/../lib/gcc/arm-none-eabi/12.3.1/thumb/v7e-m+dp/hard/crtend.o
LOAD /opt/st/stm32cubeide_1.15.1/plugins/com.st.stm32cube.ide.mcu.externaltools.gnu-tools-for-stm32.12.3.rel1.linux64_1.0.100.202403111256/tools/bin/../lib/gcc/arm-none-eabi/12.3.1/thumb/v7e-m+dp/hard/crtn.o
                0x20080000                        _estack = (ORIGIN (RAM) + LENGTH (RAM))
                0x00000200                        _Min_Heap_Size = 0x200
                0x00000400                        _Min_Stack_Size = 0x400

.isr_vector     0x08000000      0x1f8
                0x08000000                        . = ALIGN (0x4)
 *(.isr_vector)
 .isr_vector    0x08000000      0x1f8 ./Core/Startup/startup_stm32f767zitx.o
                0x08000000                g_pfnVectors
                0x080001f8                        . = ALIGN (0x4)

.text           0x080001f8     0x503c
                0x080001f8                        . = ALIGN (0x4)
 *(.text)
 .text          0x080001f8       0x40 /opt/st/stm32cubeide_1.15.1/plugins/com.st.stm32cube.ide.mcu.externaltools.gnu-tools-for-stm32.12.3.rel1.linux64_1.0.100.202403111256/tools/bin/../lib/gcc/arm-none-eabi/12.3.1/thumb/v7e-m+dp/hard/crtbegin.o
 .text          0x08000238       0x30 /opt/st/stm32cubeide_1.15.1/plugins/com.st.stm32cube.ide.mcu.externaltools.gnu-tools-for-stm32.12.3.rel1.linux64_1.0.100.202403111256/tools/bin/../lib/gcc/arm-none-eabi/12.3.1/thumb/v7e-m+dp/hard/libgcc.a(_aeabi_uldivmod.o)
                0x08000238                __aeabi_uldivmod
 .text          0x08000268      0x2bc /opt/st/stm32cubeide_1.15.1/plugins/com.st.stm32cube.ide.mcu.externaltools.gnu-tools-for-stm32.12.3.rel1.linux64_1.0.100.202403111256/tools/bin/../lib/gcc/arm-none-eabi/12.3.1/thumb/v7e-m+dp/hard/libgcc.a(_udivmoddi4.o)
                0x08000268                __udivmoddi4
 .text          0x08000524        0x4 /opt/st/stm32cubeide_1.15.1/plugins/com.st.stm32cube.ide.mcu.externaltools.gnu-tools-for-stm32.12.3.rel1.linux64_1.0.100.202403111256/tools/bin/../lib/gcc/arm-none-eabi/12.3.1/thumb/v7e-m+dp/hard/libgcc.a(_dvmd_tls.o)
                0x08000524                __aeabi_ldiv0
                0x08000524                __aeabi_idiv0
 *(.text*)
 .text.HAL_SPI_TxCpltCallback
                0x08000528       0x24 ./Core/Src/main.o
                0x08000528                HAL_SPI_TxCpltCallback
 .text.main     0x0800054c       0x78 ./Core/Src/main.o
                0x0800054c                main
 .text.SystemClock_Config
                0x080005c4       0xe0 ./Core/Src/main.o
                0x080005c4                SystemClock_Config
 .text.MX_ETH_Init
                0x080006a4       0x9c ./Core/Src/main.o
 .text.MX_SPI2_Init
                0x08000740       0x7c ./Core/Src/main.o
 .text.MX_USART3_UART_Init
                0x080007bc       0x60 ./Core/Src/main.o
 .text.MX_USB_OTG_FS_PCD_Init
                0x0800081c       0x5c ./Core/Src/main.o
 .text.MX_DMA_Init
                0x08000878       0x3c ./Core/Src/main.o
 .text.MX_GPIO_Init
                0x080008b4      0x144 ./Core/Src/main.o
 .text.Error_Handler
                0x080009f8        0xc ./Core/Src/main.o
                0x080009f8                Error_Handler
 .text.HAL_MspInit
                0x08000a04       0x48 ./Core/Src/stm32f7xx_hal_msp.o
                0x08000a04                HAL_MspInit
 .text.HAL_ETH_MspInit
                0x08000a4c      0x170 ./Core/Src/stm32f7xx_hal_msp.o
                0x08000a4c                HAL_ETH_MspInit
 .text.HAL_SPI_MspInit
                0x08000bbc      0x128 ./Core/Src/stm32f7xx_hal_msp.o
                0x08000bbc                HAL_SPI_MspInit
 .text.HAL_UART_MspInit
                0x08000ce4       0xc0 ./Core/Src/stm32f7xx_hal_msp.o
                0x08000ce4                HAL_UART_MspInit
 .text.HAL_PCD_MspInit
                0x08000da4       0xf4 ./Core/Src/stm32f7xx_hal_msp.o
                0x08000da4                HAL_PCD_MspInit
 .text.NMI_Handler
                0x08000e98        0x8 ./Core/Src/stm32f7xx_it.o
                0x08000e98                NMI_Handler
 .text.HardFault_Handler
                0x08000ea0        0x8 ./Core/Src/stm32f7xx_it.o
                0x08000ea0                HardFault_Handler
 .text.MemManage_Handler
                0x08000ea8        0x8 ./Core/Src/stm32f7xx_it.o
                0x08000ea8                MemManage_Handler
 .text.BusFault_Handler
                0x08000eb0        0x8 ./Core/Src/stm32f7xx_it.o
                0x08000eb0                BusFault_Handler
 .text.UsageFault_Handler
                0x08000eb8        0x8 ./Core/Src/stm32f7xx_it.o
                0x08000eb8                UsageFault_Handler
 .text.SVC_Handler
                0x08000ec0        0xe ./Core/Src/stm32f7xx_it.o
                0x08000ec0                SVC_Handler
 .text.DebugMon_Handler
                0x08000ece        0xe ./Core/Src/stm32f7xx_it.o
                0x08000ece                DebugMon_Handler
 .text.PendSV_Handler
                0x08000edc        0xe ./Core/Src/stm32f7xx_it.o
                0x08000edc                PendSV_Handler
 .text.SysTick_Handler
                0x08000eea        0xc ./Core/Src/stm32f7xx_it.o
                0x08000eea                SysTick_Handler
 *fill*         0x08000ef6        0x2 
 .text.DMA1_Stream4_IRQHandler
                0x08000ef8       0x14 ./Core/Src/stm32f7xx_it.o
                0x08000ef8                DMA1_Stream4_IRQHandler
 .text.SystemInit
                0x08000f0c       0x24 ./Core/Src/system_stm32f7xx.o
                0x08000f0c                SystemInit
 .text.ws2812_pixel
                0x08000f30       0xdc ./Core/Src/ws2812_spi.o
                0x08000f30                ws2812_pixel
 .text.ws2812_pixel_all
                0x0800100c       0xd8 ./Core/Src/ws2812_spi.o
                0x0800100c                ws2812_pixel_all
 .text.ws2812_init
                0x080010e4       0x34 ./Core/Src/ws2812_spi.o
                0x080010e4                ws2812_init
 .text.Reset_Handler
                0x08001118       0x50 ./Core/Startup/startup_stm32f767zitx.o
                0x08001118                Reset_Handler
 .text.Default_Handler
                0x08001168        0x2 ./Core/Startup/startup_stm32f767zitx.o
                0x08001168                RTC_Alarm_IRQHandler
                0x08001168                EXTI2_IRQHandler
                0x08001168                TIM8_CC_IRQHandler
                0x08001168                UART8_IRQHandler
                0x08001168                SPI4_IRQHandler
                0x08001168                TIM1_CC_IRQHandler
                0x08001168                DMA2_Stream5_IRQHandler
                0x08001168                JPEG_IRQHandler
                0x08001168                DMA1_Stream5_IRQHandler
                0x08001168                CAN3_RX1_IRQHandler
                0x08001168                PVD_IRQHandler
                0x08001168                TAMP_STAMP_IRQHandler
                0x08001168                CAN2_RX1_IRQHandler
                0x08001168                EXTI3_IRQHandler
                0x08001168                TIM8_TRG_COM_TIM14_IRQHandler
                0x08001168                DFSDM1_FLT1_IRQHandler
                0x08001168                TIM1_UP_TIM10_IRQHandler
                0x08001168                TIM8_UP_TIM13_IRQHandler
                0x08001168                I2C3_ER_IRQHandler
                0x08001168                DFSDM1_FLT2_IRQHandler
                0x08001168                EXTI0_IRQHandler
                0x08001168                I2C2_EV_IRQHandler
                0x08001168                DMA1_Stream2_IRQHandler
                0x08001168                CAN1_RX0_IRQHandler
                0x08001168                FPU_IRQHandler
                0x08001168                OTG_HS_WKUP_IRQHandler
                0x08001168                CAN3_SCE_IRQHandler
                0x08001168                LTDC_ER_IRQHandler
                0x08001168                CAN2_SCE_IRQHandler
                0x08001168                DMA2_Stream2_IRQHandler
                0x08001168                SPI1_IRQHandler
                0x08001168                TIM6_DAC_IRQHandler
                0x08001168                TIM1_BRK_TIM9_IRQHandler
                0x08001168                DCMI_IRQHandler
                0x08001168                CAN2_RX0_IRQHandler
                0x08001168                DMA2_Stream3_IRQHandler
                0x08001168                SAI2_IRQHandler
                0x08001168                DFSDM1_FLT3_IRQHandler
                0x08001168                USART6_IRQHandler
                0x08001168                CAN3_RX0_IRQHandler
                0x08001168                USART3_IRQHandler
                0x08001168                CAN1_RX1_IRQHandler
                0x08001168                UART5_IRQHandler
                0x08001168                DMA2_Stream0_IRQHandler
                0x08001168                TIM4_IRQHandler
                0x08001168                QUADSPI_IRQHandler
                0x08001168                I2C1_EV_IRQHandler
                0x08001168                DMA1_Stream6_IRQHandler
                0x08001168                DMA1_Stream1_IRQHandler
                0x08001168                UART4_IRQHandler
                0x08001168                TIM3_IRQHandler
                0x08001168                RCC_IRQHandler
                0x08001168                TIM8_BRK_TIM12_IRQHandler
                0x08001168                Default_Handler
                0x08001168                CEC_IRQHandler
                0x08001168                EXTI15_10_IRQHandler
                0x08001168                ADC_IRQHandler
                0x08001168                DMA1_Stream7_IRQHandler
                0x08001168                SPI5_IRQHandler
                0x08001168                TIM7_IRQHandler
                0x08001168                SDMMC1_IRQHandler
                0x08001168                CAN2_TX_IRQHandler
                0x08001168                TIM5_IRQHandler
                0x08001168                DMA2_Stream7_IRQHandler
                0x08001168                I2C3_EV_IRQHandler
                0x08001168                EXTI9_5_IRQHandler
                0x08001168                RTC_WKUP_IRQHandler
                0x08001168                LTDC_IRQHandler
                0x08001168                ETH_WKUP_IRQHandler
                0x08001168                SPDIF_RX_IRQHandler
                0x08001168                SPI2_IRQHandler
                0x08001168                OTG_HS_EP1_IN_IRQHandler
                0x08001168                DMA1_Stream0_IRQHandler
                0x08001168                CAN1_TX_IRQHandler
                0x08001168                EXTI4_IRQHandler
                0x08001168                RNG_IRQHandler
                0x08001168                ETH_IRQHandler
                0x08001168                OTG_HS_EP1_OUT_IRQHandler
                0x08001168                WWDG_IRQHandler
                0x08001168                SPI6_IRQHandler
                0x08001168                MDIOS_IRQHandler
                0x08001168                I2C4_EV_IRQHandler
                0x08001168                CAN3_TX_IRQHandler
                0x08001168                TIM2_IRQHandler
                0x08001168                OTG_FS_WKUP_IRQHandler
                0x08001168                TIM1_TRG_COM_TIM11_IRQHandler
                0x08001168                OTG_HS_IRQHandler
                0x08001168                DMA2D_IRQHandler
                0x08001168                EXTI1_IRQHandler
                0x08001168                SDMMC2_IRQHandler
                0x08001168                UART7_IRQHandler
                0x08001168                USART2_IRQHandler
                0x08001168                DFSDM1_FLT0_IRQHandler
                0x08001168                I2C2_ER_IRQHandler
                0x08001168                DMA2_Stream1_IRQHandler
                0x08001168                CAN1_SCE_IRQHandler
                0x08001168                FLASH_IRQHandler
                0x08001168                DMA2_Stream4_IRQHandler
                0x08001168                USART1_IRQHandler
                0x08001168                OTG_FS_IRQHandler
                0x08001168                SPI3_IRQHandler
                0x08001168                I2C1_ER_IRQHandler
                0x08001168                FMC_IRQHandler
                0x08001168                LPTIM1_IRQHandler
                0x08001168                I2C4_ER_IRQHandler
                0x08001168                DMA2_Stream6_IRQHandler
                0x08001168                SAI1_IRQHandler
                0x08001168                DMA1_Stream3_IRQHandler
 .text.HAL_Init
                0x0800116a       0x1a ./Drivers/STM32F7xx_HAL_Driver/Src/stm32f7xx_hal.o
                0x0800116a                HAL_Init
 .text.HAL_InitTick
                0x08001184       0x60 ./Drivers/STM32F7xx_HAL_Driver/Src/stm32f7xx_hal.o
                0x08001184                HAL_InitTick
 .text.HAL_IncTick
                0x080011e4       0x28 ./Drivers/STM32F7xx_HAL_Driver/Src/stm32f7xx_hal.o
                0x080011e4                HAL_IncTick
 .text.HAL_GetTick
                0x0800120c       0x18 ./Drivers/STM32F7xx_HAL_Driver/Src/stm32f7xx_hal.o
                0x0800120c                HAL_GetTick
 .text.HAL_Delay
                0x08001224       0x48 ./Drivers/STM32F7xx_HAL_Driver/Src/stm32f7xx_hal.o
                0x08001224                HAL_Delay
 .text.__NVIC_SetPriorityGrouping
                0x0800126c       0x48 ./Drivers/STM32F7xx_HAL_Driver/Src/stm32f7xx_hal_cortex.o
 .text.__NVIC_GetPriorityGrouping
                0x080012b4       0x1c ./Drivers/STM32F7xx_HAL_Driver/Src/stm32f7xx_hal_cortex.o
 .text.__NVIC_EnableIRQ
                0x080012d0       0x3c ./Drivers/STM32F7xx_HAL_Driver/Src/stm32f7xx_hal_cortex.o
 .text.__NVIC_SetPriority
                0x0800130c       0x54 ./Drivers/STM32F7xx_HAL_Driver/Src/stm32f7xx_hal_cortex.o
 .text.NVIC_EncodePriority
                0x08001360       0x66 ./Drivers/STM32F7xx_HAL_Driver/Src/stm32f7xx_hal_cortex.o
 *fill*         0x080013c6        0x2 
 .text.SysTick_Config
                0x080013c8       0x44 ./Drivers/STM32F7xx_HAL_Driver/Src/stm32f7xx_hal_cortex.o
 .text.HAL_NVIC_SetPriorityGrouping
                0x0800140c       0x16 ./Drivers/STM32F7xx_HAL_Driver/Src/stm32f7xx_hal_cortex.o
                0x0800140c                HAL_NVIC_SetPriorityGrouping
 .text.HAL_NVIC_SetPriority
                0x08001422       0x38 ./Drivers/STM32F7xx_HAL_Driver/Src/stm32f7xx_hal_cortex.o
                0x08001422                HAL_NVIC_SetPriority
 .text.HAL_NVIC_EnableIRQ
                0x0800145a       0x1c ./Drivers/STM32F7xx_HAL_Driver/Src/stm32f7xx_hal_cortex.o
                0x0800145a                HAL_NVIC_EnableIRQ
 .text.HAL_SYSTICK_Config
                0x08001476       0x18 ./Drivers/STM32F7xx_HAL_Driver/Src/stm32f7xx_hal_cortex.o
                0x08001476                HAL_SYSTICK_Config
 *fill*         0x0800148e        0x2 
 .text.HAL_DMA_Init
                0x08001490      0x15c ./Drivers/STM32F7xx_HAL_Driver/Src/stm32f7xx_hal_dma.o
                0x08001490                HAL_DMA_Init
 .text.HAL_DMA_Start_IT
                0x080015ec       0xc0 ./Drivers/STM32F7xx_HAL_Driver/Src/stm32f7xx_hal_dma.o
                0x080015ec                HAL_DMA_Start_IT
 .text.HAL_DMA_IRQHandler
                0x080016ac      0x314 ./Drivers/STM32F7xx_HAL_Driver/Src/stm32f7xx_hal_dma.o
                0x080016ac                HAL_DMA_IRQHandler
 .text.DMA_SetConfig
                0x080019c0       0x5c ./Drivers/STM32F7xx_HAL_Driver/Src/stm32f7xx_hal_dma.o
 .text.DMA_CalcBaseAndBitshift
                0x08001a1c       0x6c ./Drivers/STM32F7xx_HAL_Driver/Src/stm32f7xx_hal_dma.o
 .text.DMA_CheckFifoParam
                0x08001a88       0xf8 ./Drivers/STM32F7xx_HAL_Driver/Src/stm32f7xx_hal_dma.o
 .text.HAL_ETH_Init
                0x08001b80      0x134 ./Drivers/STM32F7xx_HAL_Driver/Src/stm32f7xx_hal_eth.o
                0x08001b80                HAL_ETH_Init
 .text.ETH_SetMACConfig
                0x08001cb4      0x168 ./Drivers/STM32F7xx_HAL_Driver/Src/stm32f7xx_hal_eth.o
 .text.ETH_SetDMAConfig
                0x08001e1c      0x114 ./Drivers/STM32F7xx_HAL_Driver/Src/stm32f7xx_hal_eth.o
 .text.ETH_MACDMAConfig
                0x08001f30       0xea ./Drivers/STM32F7xx_HAL_Driver/Src/stm32f7xx_hal_eth.o
 *fill*         0x0800201a        0x2 
 .text.ETH_MACAddressConfig
                0x0800201c       0x70 ./Drivers/STM32F7xx_HAL_Driver/Src/stm32f7xx_hal_eth.o
 .text.ETH_DMATxDescListInit
                0x0800208c       0xb2 ./Drivers/STM32F7xx_HAL_Driver/Src/stm32f7xx_hal_eth.o
 .text.ETH_DMARxDescListInit
                0x0800213e       0xde ./Drivers/STM32F7xx_HAL_Driver/Src/stm32f7xx_hal_eth.o
 .text.HAL_GPIO_Init
                0x0800221c      0x358 ./Drivers/STM32F7xx_HAL_Driver/Src/stm32f7xx_hal_gpio.o
                0x0800221c                HAL_GPIO_Init
 .text.HAL_GPIO_WritePin
                0x08002574       0x32 ./Drivers/STM32F7xx_HAL_Driver/Src/stm32f7xx_hal_gpio.o
                0x08002574                HAL_GPIO_WritePin
 .text.HAL_PCD_Init
                0x080025a6      0x22c ./Drivers/STM32F7xx_HAL_Driver/Src/stm32f7xx_hal_pcd.o
                0x080025a6                HAL_PCD_Init
 *fill*         0x080027d2        0x2 
 .text.HAL_PCDEx_ActivateLPM
                0x080027d4       0x48 ./Drivers/STM32F7xx_HAL_Driver/Src/stm32f7xx_hal_pcd_ex.o
                0x080027d4                HAL_PCDEx_ActivateLPM
 .text.HAL_PWR_EnableBkUpAccess
                0x0800281c       0x20 ./Drivers/STM32F7xx_HAL_Driver/Src/stm32f7xx_hal_pwr.o
                0x0800281c                HAL_PWR_EnableBkUpAccess
 .text.HAL_PWREx_EnableOverDrive
                0x0800283c       0xa0 ./Drivers/STM32F7xx_HAL_Driver/Src/stm32f7xx_hal_pwr_ex.o
                0x0800283c                HAL_PWREx_EnableOverDrive
 .text.HAL_RCC_OscConfig
                0x080028dc      0x55c ./Drivers/STM32F7xx_HAL_Driver/Src/stm32f7xx_hal_rcc.o
                0x080028dc                HAL_RCC_OscConfig
 .text.HAL_RCC_ClockConfig
                0x08002e38      0x1d8 ./Drivers/STM32F7xx_HAL_Driver/Src/stm32f7xx_hal_rcc.o
                0x08002e38                HAL_RCC_ClockConfig
 .text.HAL_RCC_GetSysClockFreq
                0x08003010      0x20c ./Drivers/STM32F7xx_HAL_Driver/Src/stm32f7xx_hal_rcc.o
                0x08003010                HAL_RCC_GetSysClockFreq
 .text.HAL_RCC_GetHCLKFreq
                0x0800321c       0x18 ./Drivers/STM32F7xx_HAL_Driver/Src/stm32f7xx_hal_rcc.o
                0x0800321c                HAL_RCC_GetHCLKFreq
 .text.HAL_RCC_GetPCLK1Freq
                0x08003234       0x28 ./Drivers/STM32F7xx_HAL_Driver/Src/stm32f7xx_hal_rcc.o
                0x08003234                HAL_RCC_GetPCLK1Freq
 .text.HAL_RCC_GetPCLK2Freq
                0x0800325c       0x28 ./Drivers/STM32F7xx_HAL_Driver/Src/stm32f7xx_hal_rcc.o
                0x0800325c                HAL_RCC_GetPCLK2Freq
 .text.HAL_RCCEx_PeriphCLKConfig
                0x08003284      0x850 ./Drivers/STM32F7xx_HAL_Driver/Src/stm32f7xx_hal_rcc_ex.o
                0x08003284                HAL_RCCEx_PeriphCLKConfig
 .text.HAL_SPI_Init
                0x08003ad4      0x156 ./Drivers/STM32F7xx_HAL_Driver/Src/stm32f7xx_hal_spi.o
                0x08003ad4                HAL_SPI_Init
 *fill*         0x08003c2a        0x2 
 .text.HAL_SPI_Transmit_DMA
                0x08003c2c      0x1e0 ./Drivers/STM32F7xx_HAL_Driver/Src/stm32f7xx_hal_spi.o
                0x08003c2c                HAL_SPI_Transmit_DMA
 .text.HAL_SPI_TxHalfCpltCallback
                0x08003e0c       0x14 ./Drivers/STM32F7xx_HAL_Driver/Src/stm32f7xx_hal_spi.o
                0x08003e0c                HAL_SPI_TxHalfCpltCallback
 .text.HAL_SPI_ErrorCallback
                0x08003e20       0x14 ./Drivers/STM32F7xx_HAL_Driver/Src/stm32f7xx_hal_spi.o
                0x08003e20                HAL_SPI_ErrorCallback
 .text.SPI_DMATransmitCplt
                0x08003e34       0xa8 ./Drivers/STM32F7xx_HAL_Driver/Src/stm32f7xx_hal_spi.o
 .text.SPI_DMAHalfTransmitCplt
                0x08003edc       0x1c ./Drivers/STM32F7xx_HAL_Driver/Src/stm32f7xx_hal_spi.o
 .text.SPI_DMAError
                0x08003ef8       0x40 ./Drivers/STM32F7xx_HAL_Driver/Src/stm32f7xx_hal_spi.o
 .text.SPI_WaitFlagStateUntilTimeout
                0x08003f38      0x110 ./Drivers/STM32F7xx_HAL_Driver/Src/stm32f7xx_hal_spi.o
 .text.SPI_WaitFifoStateUntilTimeout
                0x08004048      0x12c ./Drivers/STM32F7xx_HAL_Driver/Src/stm32f7xx_hal_spi.o
 .text.SPI_EndRxTxTransaction
                0x08004174       0xd4 ./Drivers/STM32F7xx_HAL_Driver/Src/stm32f7xx_hal_spi.o
 .text.HAL_UART_Init
                0x08004248       0x9c ./Drivers/STM32F7xx_HAL_Driver/Src/stm32f7xx_hal_uart.o
                0x08004248                HAL_UART_Init
 .text.UART_SetConfig
                0x080042e4      0x4c8 ./Drivers/STM32F7xx_HAL_Driver/Src/stm32f7xx_hal_uart.o
                0x080042e4                UART_SetConfig
 .text.UART_AdvFeatureConfig
                0x080047ac      0x144 ./Drivers/STM32F7xx_HAL_Driver/Src/stm32f7xx_hal_uart.o
                0x080047ac                UART_AdvFeatureConfig
 .text.UART_CheckIdleState
                0x080048f0      0x150 ./Drivers/STM32F7xx_HAL_Driver/Src/stm32f7xx_hal_uart.o
                0x080048f0                UART_CheckIdleState
 .text.UART_WaitOnFlagUntilTimeout
                0x08004a40       0xda ./Drivers/STM32F7xx_HAL_Driver/Src/stm32f7xx_hal_uart.o
                0x08004a40                UART_WaitOnFlagUntilTimeout
 .text.UART_EndRxTransfer
                0x08004b1a       0xc8 ./Drivers/STM32F7xx_HAL_Driver/Src/stm32f7xx_hal_uart.o
 *fill*         0x08004be2        0x2 
 .text.USB_CoreInit
                0x08004be4       0xb4 ./Drivers/STM32F7xx_HAL_Driver/Src/stm32f7xx_ll_usb.o
                0x08004be4                USB_CoreInit
 .text.USB_DisableGlobalInt
                0x08004c98       0x22 ./Drivers/STM32F7xx_HAL_Driver/Src/stm32f7xx_ll_usb.o
                0x08004c98                USB_DisableGlobalInt
 .text.USB_SetCurrentMode
                0x08004cba       0x98 ./Drivers/STM32F7xx_HAL_Driver/Src/stm32f7xx_ll_usb.o
                0x08004cba                USB_SetCurrentMode
 *fill*         0x08004d52        0x2 
 .text.USB_DevInit
                0x08004d54      0x2bc ./Drivers/STM32F7xx_HAL_Driver/Src/stm32f7xx_ll_usb.o
                0x08004d54                USB_DevInit
 .text.USB_FlushTxFifo
                0x08005010       0x64 ./Drivers/STM32F7xx_HAL_Driver/Src/stm32f7xx_ll_usb.o
                0x08005010                USB_FlushTxFifo
 .text.USB_FlushRxFifo
                0x08005074       0x5c ./Drivers/STM32F7xx_HAL_Driver/Src/stm32f7xx_ll_usb.o
                0x08005074                USB_FlushRxFifo
 .text.USB_SetDevSpeed
                0x080050d0       0x32 ./Drivers/STM32F7xx_HAL_Driver/Src/stm32f7xx_ll_usb.o
                0x080050d0                USB_SetDevSpeed
 .text.USB_DevDisconnect
                0x08005102       0x42 ./Drivers/STM32F7xx_HAL_Driver/Src/stm32f7xx_ll_usb.o
                0x08005102                USB_DevDisconnect
 .text.USB_GetMode
                0x08005144       0x1c ./Drivers/STM32F7xx_HAL_Driver/Src/stm32f7xx_ll_usb.o
                0x08005144                USB_GetMode
 .text.USB_CoreReset
                0x08005160       0x62 ./Drivers/STM32F7xx_HAL_Driver/Src/stm32f7xx_ll_usb.o
 .text.memset   0x080051c2       0x10 /opt/st/stm32cubeide_1.15.1/plugins/com.st.stm32cube.ide.mcu.externaltools.gnu-tools-for-stm32.12.3.rel1.linux64_1.0.100.202403111256/tools/bin/../lib/gcc/arm-none-eabi/12.3.1/../../../../arm-none-eabi/lib/thumb/v7e-m+dp/hard/libc_nano.a(libc_a-memset.o)
                0x080051c2                memset
 *fill*         0x080051d2        0x2 
 .text.__libc_init_array
                0x080051d4       0x48 /opt/st/stm32cubeide_1.15.1/plugins/com.st.stm32cube.ide.mcu.externaltools.gnu-tools-for-stm32.12.3.rel1.linux64_1.0.100.202403111256/tools/bin/../lib/gcc/arm-none-eabi/12.3.1/../../../../arm-none-eabi/lib/thumb/v7e-m+dp/hard/libc_nano.a(libc_a-init.o)
                0x080051d4                __libc_init_array
 *(.glue_7)
 .glue_7        0x0800521c        0x0 linker stubs
 *(.glue_7t)
 .glue_7t       0x0800521c        0x0 linker stubs
 *(.eh_frame)
 .eh_frame      0x0800521c        0x0 /opt/st/stm32cubeide_1.15.1/plugins/com.st.stm32cube.ide.mcu.externaltools.gnu-tools-for-stm32.12.3.rel1.linux64_1.0.100.202403111256/tools/bin/../lib/gcc/arm-none-eabi/12.3.1/thumb/v7e-m+dp/hard/crtbegin.o
 *(.init)
 .init          0x0800521c        0x4 /opt/st/stm32cubeide_1.15.1/plugins/com.st.stm32cube.ide.mcu.externaltools.gnu-tools-for-stm32.12.3.rel1.linux64_1.0.100.202403111256/tools/bin/../lib/gcc/arm-none-eabi/12.3.1/thumb/v7e-m+dp/hard/crti.o
                0x0800521c                _init
 .init          0x08005220        0x8 /opt/st/stm32cubeide_1.15.1/plugins/com.st.stm32cube.ide.mcu.externaltools.gnu-tools-for-stm32.12.3.rel1.linux64_1.0.100.202403111256/tools/bin/../lib/gcc/arm-none-eabi/12.3.1/thumb/v7e-m+dp/hard/crtn.o
 *(.fini)
 .fini          0x08005228        0x4 /opt/st/stm32cubeide_1.15.1/plugins/com.st.stm32cube.ide.mcu.externaltools.gnu-tools-for-stm32.12.3.rel1.linux64_1.0.100.202403111256/tools/bin/../lib/gcc/arm-none-eabi/12.3.1/thumb/v7e-m+dp/hard/crti.o
                0x08005228                _fini
 .fini          0x0800522c        0x8 /opt/st/stm32cubeide_1.15.1/plugins/com.st.stm32cube.ide.mcu.externaltools.gnu-tools-for-stm32.12.3.rel1.linux64_1.0.100.202403111256/tools/bin/../lib/gcc/arm-none-eabi/12.3.1/thumb/v7e-m+dp/hard/crtn.o
                0x08005234                        . = ALIGN (0x4)
                0x08005234                        _etext = .

.vfp11_veneer   0x08005234        0x0
 .vfp11_veneer  0x08005234        0x0 linker stubs

.v4_bx          0x08005234        0x0
 .v4_bx         0x08005234        0x0 linker stubs

.iplt           0x08005234        0x0
 .iplt          0x08005234        0x0 /opt/st/stm32cubeide_1.15.1/plugins/com.st.stm32cube.ide.mcu.externaltools.gnu-tools-for-stm32.12.3.rel1.linux64_1.0.100.202403111256/tools/bin/../lib/gcc/arm-none-eabi/12.3.1/thumb/v7e-m+dp/hard/crtbegin.o

.rodata         0x08005234       0x20
                0x08005234                        . = ALIGN (0x4)
 *(.rodata)
 *(.rodata*)
 .rodata.AHBPrescTable
                0x08005234       0x10 ./Core/Src/system_stm32f7xx.o
                0x08005234                AHBPrescTable
 .rodata.APBPrescTable
                0x08005244        0x8 ./Core/Src/system_stm32f7xx.o
                0x08005244                APBPrescTable
 .rodata.flagBitshiftOffset.0
                0x0800524c        0x8 ./Drivers/STM32F7xx_HAL_Driver/Src/stm32f7xx_hal_dma.o
                0x08005254                        . = ALIGN (0x4)

.ARM.extab      0x08005254        0x0
                0x08005254                        . = ALIGN (0x4)
 *(.ARM.extab* .gnu.linkonce.armextab.*)
                0x08005254                        . = ALIGN (0x4)

.ARM            0x08005254        0x8
                0x08005254                        . = ALIGN (0x4)
                0x08005254                        __exidx_start = .
 *(.ARM.exidx*)
 .ARM.exidx     0x08005254        0x8 /opt/st/stm32cubeide_1.15.1/plugins/com.st.stm32cube.ide.mcu.externaltools.gnu-tools-for-stm32.12.3.rel1.linux64_1.0.100.202403111256/tools/bin/../lib/gcc/arm-none-eabi/12.3.1/thumb/v7e-m+dp/hard/libgcc.a(_udivmoddi4.o)
                0x0800525c                        __exidx_end = .
                0x0800525c                        . = ALIGN (0x4)

.preinit_array  0x0800525c        0x0
                0x0800525c                        . = ALIGN (0x4)
                0x0800525c                        PROVIDE (__preinit_array_start = .)
 *(.preinit_array*)
                0x0800525c                        PROVIDE (__preinit_array_end = .)
                0x0800525c                        . = ALIGN (0x4)

.init_array     0x0800525c        0x4
                0x0800525c                        . = ALIGN (0x4)
                0x0800525c                        PROVIDE (__init_array_start = .)
 *(SORT_BY_NAME(.init_array.*))
 *(.init_array*)
 .init_array    0x0800525c        0x4 /opt/st/stm32cubeide_1.15.1/plugins/com.st.stm32cube.ide.mcu.externaltools.gnu-tools-for-stm32.12.3.rel1.linux64_1.0.100.202403111256/tools/bin/../lib/gcc/arm-none-eabi/12.3.1/thumb/v7e-m+dp/hard/crtbegin.o
                0x08005260                        PROVIDE (__init_array_end = .)
                0x08005260                        . = ALIGN (0x4)

.fini_array     0x08005260        0x4
                0x08005260                        . = ALIGN (0x4)
                [!provide]                        PROVIDE (__fini_array_start = .)
 *(SORT_BY_NAME(.fini_array.*))
 *(.fini_array*)
 .fini_array    0x08005260        0x4 /opt/st/stm32cubeide_1.15.1/plugins/com.st.stm32cube.ide.mcu.externaltools.gnu-tools-for-stm32.12.3.rel1.linux64_1.0.100.202403111256/tools/bin/../lib/gcc/arm-none-eabi/12.3.1/thumb/v7e-m+dp/hard/crtbegin.o
                [!provide]                        PROVIDE (__fini_array_end = .)
                0x08005264                        . = ALIGN (0x4)
                0x08005264                        _sidata = LOADADDR (.data)

.rel.dyn        0x08005264        0x0
 .rel.iplt      0x08005264        0x0 /opt/st/stm32cubeide_1.15.1/plugins/com.st.stm32cube.ide.mcu.externaltools.gnu-tools-for-stm32.12.3.rel1.linux64_1.0.100.202403111256/tools/bin/../lib/gcc/arm-none-eabi/12.3.1/thumb/v7e-m+dp/hard/crtbegin.o

.data           0x20000000        0xc load address 0x08005264
                0x20000000                        . = ALIGN (0x4)
                0x20000000                        _sdata = .
 *(.data)
 *(.data*)
 .data.SystemCoreClock
                0x20000000        0x4 ./Core/Src/system_stm32f7xx.o
                0x20000000                SystemCoreClock
 .data.uwTickPrio
                0x20000004        0x4 ./Drivers/STM32F7xx_HAL_Driver/Src/stm32f7xx_hal.o
                0x20000004                uwTickPrio
 .data.uwTickFreq
                0x20000008        0x1 ./Drivers/STM32F7xx_HAL_Driver/Src/stm32f7xx_hal.o
                0x20000008                uwTickFreq
 *(.RamFunc)
 *(.RamFunc*)
                0x2000000c                        . = ALIGN (0x4)
 *fill*         0x20000009        0x3 
                0x2000000c                        _edata = .

.igot.plt       0x2000000c        0x0 load address 0x08005270
 .igot.plt      0x2000000c        0x0 /opt/st/stm32cubeide_1.15.1/plugins/com.st.stm32cube.ide.mcu.externaltools.gnu-tools-for-stm32.12.3.rel1.linux64_1.0.100.202403111256/tools/bin/../lib/gcc/arm-none-eabi/12.3.1/thumb/v7e-m+dp/hard/crtbegin.o

.RxDecripSection
                0x2000000c       0xa0 load address 0x08005270
 .RxDecripSection
                0x2000000c       0xa0 ./Core/Src/main.o
                0x2000000c                DMARxDscrTab

.TxDecripSection
                0x200000ac       0xa0 load address 0x08005310
 .TxDecripSection
                0x200000ac       0xa0 ./Core/Src/main.o
                0x200000ac                DMATxDscrTab
                0x2000014c                        . = ALIGN (0x4)

.bss            0x2000014c      0xd18 load address 0x080053b0
                0x2000014c                        _sbss = .
                0x2000014c                        __bss_start__ = _sbss
 *(.bss)
 .bss           0x2000014c       0x1c /opt/st/stm32cubeide_1.15.1/plugins/com.st.stm32cube.ide.mcu.externaltools.gnu-tools-for-stm32.12.3.rel1.linux64_1.0.100.202403111256/tools/bin/../lib/gcc/arm-none-eabi/12.3.1/thumb/v7e-m+dp/hard/crtbegin.o
 *(.bss*)
 .bss.TxConfig  0x20000168       0x38 ./Core/Src/main.o
                0x20000168                TxConfig
 .bss.heth      0x200001a0       0xb0 ./Core/Src/main.o
                0x200001a0                heth
 .bss.hspi2     0x20000250       0x64 ./Core/Src/main.o
                0x20000250                hspi2
 .bss.hdma_spi2_tx
                0x200002b4       0x60 ./Core/Src/main.o
                0x200002b4                hdma_spi2_tx
 .bss.huart3    0x20000314       0x88 ./Core/Src/main.o
                0x20000314                huart3
 .bss.hpcd_USB_OTG_FS
                0x2000039c      0x4e0 ./Core/Src/main.o
                0x2000039c                hpcd_USB_OTG_FS
 .bss.MACAddr.0
                0x2000087c        0x6 ./Core/Src/main.o
 *fill*         0x20000882        0x2 
 .bss.ws2812_buffer
                0x20000884      0x5dc ./Core/Src/ws2812_spi.o
                0x20000884                ws2812_buffer
 .bss.uwTick    0x20000e60        0x4 ./Drivers/STM32F7xx_HAL_Driver/Src/stm32f7xx_hal.o
                0x20000e60                uwTick
 *(COMMON)
                0x20000e64                        . = ALIGN (0x4)
                0x20000e64                        _ebss = .
                0x20000e64                        __bss_end__ = _ebss

._user_heap_stack
                0x20000e64      0x604 load address 0x080053b0
                0x20000e68                        . = ALIGN (0x8)
 *fill*         0x20000e64        0x4 
                [!provide]                        PROVIDE (end = .)
                0x20000e68                        PROVIDE (_end = .)
                0x20001068                        . = (. + _Min_Heap_Size)
 *fill*         0x20000e68      0x200 
                0x20001468                        . = (. + _Min_Stack_Size)
 *fill*         0x20001068      0x400 
                0x20001468                        . = ALIGN (0x8)

/DISCARD/
 libc.a(*)
 libm.a(*)
 libgcc.a(*)

.ARM.attributes
                0x00000000       0x2e
 *(.ARM.attributes)
 .ARM.attributes
                0x00000000       0x20 /opt/st/stm32cubeide_1.15.1/plugins/com.st.stm32cube.ide.mcu.externaltools.gnu-tools-for-stm32.12.3.rel1.linux64_1.0.100.202403111256/tools/bin/../lib/gcc/arm-none-eabi/12.3.1/thumb/v7e-m+dp/hard/crti.o
 .ARM.attributes
                0x00000020       0x32 /opt/st/stm32cubeide_1.15.1/plugins/com.st.stm32cube.ide.mcu.externaltools.gnu-tools-for-stm32.12.3.rel1.linux64_1.0.100.202403111256/tools/bin/../lib/gcc/arm-none-eabi/12.3.1/thumb/v7e-m+dp/hard/crtbegin.o
 .ARM.attributes
                0x00000052       0x32 ./Core/Src/main.o
 .ARM.attributes
                0x00000084       0x32 ./Core/Src/stm32f7xx_hal_msp.o
 .ARM.attributes
                0x000000b6       0x32 ./Core/Src/stm32f7xx_it.o
 .ARM.attributes
                0x000000e8       0x32 ./Core/Src/system_stm32f7xx.o
 .ARM.attributes
                0x0000011a       0x32 ./Core/Src/ws2812_spi.o
 .ARM.attributes
                0x0000014c       0x21 ./Core/Startup/startup_stm32f767zitx.o
 .ARM.attributes
                0x0000016d       0x32 ./Drivers/STM32F7xx_HAL_Driver/Src/stm32f7xx_hal.o
 .ARM.attributes
                0x0000019f       0x32 ./Drivers/STM32F7xx_HAL_Driver/Src/stm32f7xx_hal_cortex.o
 .ARM.attributes
                0x000001d1       0x32 ./Drivers/STM32F7xx_HAL_Driver/Src/stm32f7xx_hal_dma.o
 .ARM.attributes
                0x00000203       0x32 ./Drivers/STM32F7xx_HAL_Driver/Src/stm32f7xx_hal_eth.o
 .ARM.attributes
                0x00000235       0x32 ./Drivers/STM32F7xx_HAL_Driver/Src/stm32f7xx_hal_gpio.o
 .ARM.attributes
                0x00000267       0x32 ./Drivers/STM32F7xx_HAL_Driver/Src/stm32f7xx_hal_pcd.o
 .ARM.attributes
                0x00000299       0x32 ./Drivers/STM32F7xx_HAL_Driver/Src/stm32f7xx_hal_pcd_ex.o
 .ARM.attributes
                0x000002cb       0x32 ./Drivers/STM32F7xx_HAL_Driver/Src/stm32f7xx_hal_pwr.o
 .ARM.attributes
                0x000002fd       0x32 ./Drivers/STM32F7xx_HAL_Driver/Src/stm32f7xx_hal_pwr_ex.o
 .ARM.attributes
                0x0000032f       0x32 ./Drivers/STM32F7xx_HAL_Driver/Src/stm32f7xx_hal_rcc.o
 .ARM.attributes
                0x00000361       0x32 ./Drivers/STM32F7xx_HAL_Driver/Src/stm32f7xx_hal_rcc_ex.o
 .ARM.attributes
                0x00000393       0x32 ./Drivers/STM32F7xx_HAL_Driver/Src/stm32f7xx_hal_spi.o
 .ARM.attributes
                0x000003c5       0x32 ./Drivers/STM32F7xx_HAL_Driver/Src/stm32f7xx_hal_uart.o
 .ARM.attributes
                0x000003f7       0x32 ./Drivers/STM32F7xx_HAL_Driver/Src/stm32f7xx_ll_usb.o
 .ARM.attributes
                0x00000429       0x32 /opt/st/stm32cubeide_1.15.1/plugins/com.st.stm32cube.ide.mcu.externaltools.gnu-tools-for-stm32.12.3.rel1.linux64_1.0.100.202403111256/tools/bin/../lib/gcc/arm-none-eabi/12.3.1/../../../../arm-none-eabi/lib/thumb/v7e-m+dp/hard/libc_nano.a(libc_a-memset.o)
 .ARM.attributes
                0x0000045b       0x32 /opt/st/stm32cubeide_1.15.1/plugins/com.st.stm32cube.ide.mcu.externaltools.gnu-tools-for-stm32.12.3.rel1.linux64_1.0.100.202403111256/tools/bin/../lib/gcc/arm-none-eabi/12.3.1/../../../../arm-none-eabi/lib/thumb/v7e-m+dp/hard/libc_nano.a(libc_a-init.o)
 .ARM.attributes
                0x0000048d       0x20 /opt/st/stm32cubeide_1.15.1/plugins/com.st.stm32cube.ide.mcu.externaltools.gnu-tools-for-stm32.12.3.rel1.linux64_1.0.100.202403111256/tools/bin/../lib/gcc/arm-none-eabi/12.3.1/thumb/v7e-m+dp/hard/libgcc.a(_aeabi_uldivmod.o)
 .ARM.attributes
                0x000004ad       0x32 /opt/st/stm32cubeide_1.15.1/plugins/com.st.stm32cube.ide.mcu.externaltools.gnu-tools-for-stm32.12.3.rel1.linux64_1.0.100.202403111256/tools/bin/../lib/gcc/arm-none-eabi/12.3.1/thumb/v7e-m+dp/hard/libgcc.a(_udivmoddi4.o)
 .ARM.attributes
                0x000004df       0x20 /opt/st/stm32cubeide_1.15.1/plugins/com.st.stm32cube.ide.mcu.externaltools.gnu-tools-for-stm32.12.3.rel1.linux64_1.0.100.202403111256/tools/bin/../lib/gcc/arm-none-eabi/12.3.1/thumb/v7e-m+dp/hard/libgcc.a(_dvmd_tls.o)
 .ARM.attributes
                0x000004ff       0x20 /opt/st/stm32cubeide_1.15.1/plugins/com.st.stm32cube.ide.mcu.externaltools.gnu-tools-for-stm32.12.3.rel1.linux64_1.0.100.202403111256/tools/bin/../lib/gcc/arm-none-eabi/12.3.1/thumb/v7e-m+dp/hard/crtn.o
OUTPUT(ws2812_spi.elf elf32-littlearm)
LOAD linker stubs
LOAD /opt/st/stm32cubeide_1.15.1/plugins/com.st.stm32cube.ide.mcu.externaltools.gnu-tools-for-stm32.12.3.rel1.linux64_1.0.100.202403111256/tools/bin/../lib/gcc/arm-none-eabi/12.3.1/../../../../arm-none-eabi/lib/thumb/v7e-m+dp/hard/libc.a
LOAD /opt/st/stm32cubeide_1.15.1/plugins/com.st.stm32cube.ide.mcu.externaltools.gnu-tools-for-stm32.12.3.rel1.linux64_1.0.100.202403111256/tools/bin/../lib/gcc/arm-none-eabi/12.3.1/../../../../arm-none-eabi/lib/thumb/v7e-m+dp/hard/libm.a
LOAD /opt/st/stm32cubeide_1.15.1/plugins/com.st.stm32cube.ide.mcu.externaltools.gnu-tools-for-stm32.12.3.rel1.linux64_1.0.100.202403111256/tools/bin/../lib/gcc/arm-none-eabi/12.3.1/thumb/v7e-m+dp/hard/libgcc.a

.debug_info     0x00000000    0x14b78
 .debug_info    0x00000000     0x2364 ./Core/Src/main.o
 .debug_info    0x00002364     0x1f1c ./Core/Src/stm32f7xx_hal_msp.o
 .debug_info    0x00004280      0x3a9 ./Core/Src/stm32f7xx_it.o
 .debug_info    0x00004629      0x6ed ./Core/Src/system_stm32f7xx.o
 .debug_info    0x00004d16      0x81e ./Core/Src/ws2812_spi.o
 .debug_info    0x00005534       0x30 ./Core/Startup/startup_stm32f767zitx.o
 .debug_info    0x00005564      0xa4c ./Drivers/STM32F7xx_HAL_Driver/Src/stm32f7xx_hal.o
 .debug_info    0x00005fb0      0xfc0 ./Drivers/STM32F7xx_HAL_Driver/Src/stm32f7xx_hal_cortex.o
 .debug_info    0x00006f70      0x8e7 ./Drivers/STM32F7xx_HAL_Driver/Src/stm32f7xx_hal_dma.o
 .debug_info    0x00007857     0x218c ./Drivers/STM32F7xx_HAL_Driver/Src/stm32f7xx_hal_eth.o
 .debug_info    0x000099e3      0x6f3 ./Drivers/STM32F7xx_HAL_Driver/Src/stm32f7xx_hal_gpio.o
 .debug_info    0x0000a0d6     0x1599 ./Drivers/STM32F7xx_HAL_Driver/Src/stm32f7xx_hal_pcd.o
 .debug_info    0x0000b66f      0x7a3 ./Drivers/STM32F7xx_HAL_Driver/Src/stm32f7xx_hal_pcd_ex.o
 .debug_info    0x0000be12      0x90e ./Drivers/STM32F7xx_HAL_Driver/Src/stm32f7xx_hal_pwr.o
 .debug_info    0x0000c720      0x8cd ./Drivers/STM32F7xx_HAL_Driver/Src/stm32f7xx_hal_pwr_ex.o
 .debug_info    0x0000cfed      0x937 ./Drivers/STM32F7xx_HAL_Driver/Src/stm32f7xx_hal_rcc.o
 .debug_info    0x0000d924      0x6e1 ./Drivers/STM32F7xx_HAL_Driver/Src/stm32f7xx_hal_rcc_ex.o
 .debug_info    0x0000e005     0x169b ./Drivers/STM32F7xx_HAL_Driver/Src/stm32f7xx_hal_spi.o
 .debug_info    0x0000f6a0     0x3adc ./Drivers/STM32F7xx_HAL_Driver/Src/stm32f7xx_hal_uart.o
 .debug_info    0x0001317c     0x19fc ./Drivers/STM32F7xx_HAL_Driver/Src/stm32f7xx_ll_usb.o

.debug_abbrev   0x00000000     0x2c88
 .debug_abbrev  0x00000000      0x385 ./Core/Src/main.o
 .debug_abbrev  0x00000385      0x290 ./Core/Src/stm32f7xx_hal_msp.o
 .debug_abbrev  0x00000615      0x169 ./Core/Src/stm32f7xx_it.o
 .debug_abbrev  0x0000077e      0x13b ./Core/Src/system_stm32f7xx.o
 .debug_abbrev  0x000008b9      0x20d ./Core/Src/ws2812_spi.o
 .debug_abbrev  0x00000ac6       0x24 ./Core/Startup/startup_stm32f767zitx.o
 .debug_abbrev  0x00000aea      0x213 ./Drivers/STM32F7xx_HAL_Driver/Src/stm32f7xx_hal.o
 .debug_abbrev  0x00000cfd      0x31e ./Drivers/STM32F7xx_HAL_Driver/Src/stm32f7xx_hal_cortex.o
 .debug_abbrev  0x0000101b      0x264 ./Drivers/STM32F7xx_HAL_Driver/Src/stm32f7xx_hal_dma.o
 .debug_abbrev  0x0000127f      0x35a ./Drivers/STM32F7xx_HAL_Driver/Src/stm32f7xx_hal_eth.o
 .debug_abbrev  0x000015d9      0x1d4 ./Drivers/STM32F7xx_HAL_Driver/Src/stm32f7xx_hal_gpio.o
 .debug_abbrev  0x000017ad      0x2ee ./Drivers/STM32F7xx_HAL_Driver/Src/stm32f7xx_hal_pcd.o
 .debug_abbrev  0x00001a9b      0x1ca ./Drivers/STM32F7xx_HAL_Driver/Src/stm32f7xx_hal_pcd_ex.o
 .debug_abbrev  0x00001c65      0x1c5 ./Drivers/STM32F7xx_HAL_Driver/Src/stm32f7xx_hal_pwr.o
 .debug_abbrev  0x00001e2a      0x1d5 ./Drivers/STM32F7xx_HAL_Driver/Src/stm32f7xx_hal_pwr_ex.o
 .debug_abbrev  0x00001fff      0x2de ./Drivers/STM32F7xx_HAL_Driver/Src/stm32f7xx_hal_rcc.o
 .debug_abbrev  0x000022dd      0x1c9 ./Drivers/STM32F7xx_HAL_Driver/Src/stm32f7xx_hal_rcc_ex.o
 .debug_abbrev  0x000024a6      0x269 ./Drivers/STM32F7xx_HAL_Driver/Src/stm32f7xx_hal_spi.o
 .debug_abbrev  0x0000270f      0x2e6 ./Drivers/STM32F7xx_HAL_Driver/Src/stm32f7xx_hal_uart.o
 .debug_abbrev  0x000029f5      0x293 ./Drivers/STM32F7xx_HAL_Driver/Src/stm32f7xx_ll_usb.o

.debug_aranges  0x00000000      0xfe8
 .debug_aranges
                0x00000000       0x68 ./Core/Src/main.o
 .debug_aranges
                0x00000068       0x60 ./Core/Src/stm32f7xx_hal_msp.o
 .debug_aranges
                0x000000c8       0x68 ./Core/Src/stm32f7xx_it.o
 .debug_aranges
                0x00000130       0x28 ./Core/Src/system_stm32f7xx.o
 .debug_aranges
                0x00000158       0x38 ./Core/Src/ws2812_spi.o
 .debug_aranges
                0x00000190       0x28 ./Core/Startup/startup_stm32f767zitx.o
 .debug_aranges
                0x000001b8      0x110 ./Drivers/STM32F7xx_HAL_Driver/Src/stm32f7xx_hal.o
 .debug_aranges
                0x000002c8      0x128 ./Drivers/STM32F7xx_HAL_Driver/Src/stm32f7xx_hal_cortex.o
 .debug_aranges
                0x000003f0       0x90 ./Drivers/STM32F7xx_HAL_Driver/Src/stm32f7xx_hal_dma.o
 .debug_aranges
                0x00000480      0x1e0 ./Drivers/STM32F7xx_HAL_Driver/Src/stm32f7xx_hal_eth.o
 .debug_aranges
                0x00000660       0x58 ./Drivers/STM32F7xx_HAL_Driver/Src/stm32f7xx_hal_gpio.o
 .debug_aranges
                0x000006b8      0x148 ./Drivers/STM32F7xx_HAL_Driver/Src/stm32f7xx_hal_pcd.o
 .debug_aranges
                0x00000800       0x48 ./Drivers/STM32F7xx_HAL_Driver/Src/stm32f7xx_hal_pcd_ex.o
 .debug_aranges
                0x00000848       0xa0 ./Drivers/STM32F7xx_HAL_Driver/Src/stm32f7xx_hal_pwr.o
 .debug_aranges
                0x000008e8       0x80 ./Drivers/STM32F7xx_HAL_Driver/Src/stm32f7xx_hal_pwr_ex.o
 .debug_aranges
                0x00000968       0x88 ./Drivers/STM32F7xx_HAL_Driver/Src/stm32f7xx_hal_rcc.o
 .debug_aranges
                0x000009f0       0x50 ./Drivers/STM32F7xx_HAL_Driver/Src/stm32f7xx_hal_rcc_ex.o
 .debug_aranges
                0x00000a40      0x1d8 ./Drivers/STM32F7xx_HAL_Driver/Src/stm32f7xx_hal_spi.o
 .debug_aranges
                0x00000c18      0x230 ./Drivers/STM32F7xx_HAL_Driver/Src/stm32f7xx_hal_uart.o
 .debug_aranges
                0x00000e48      0x1a0 ./Drivers/STM32F7xx_HAL_Driver/Src/stm32f7xx_ll_usb.o

.debug_rnglists
                0x00000000      0xc44
 .debug_rnglists
                0x00000000       0x4c ./Core/Src/main.o
 .debug_rnglists
                0x0000004c       0x47 ./Core/Src/stm32f7xx_hal_msp.o
 .debug_rnglists
                0x00000093       0x49 ./Core/Src/stm32f7xx_it.o
 .debug_rnglists
                0x000000dc       0x1a ./Core/Src/system_stm32f7xx.o
 .debug_rnglists
                0x000000f6       0x27 ./Core/Src/ws2812_spi.o
 .debug_rnglists
                0x0000011d       0x19 ./Core/Startup/startup_stm32f767zitx.o
 .debug_rnglists
                0x00000136       0xc7 ./Drivers/STM32F7xx_HAL_Driver/Src/stm32f7xx_hal.o
 .debug_rnglists
                0x000001fd       0xda ./Drivers/STM32F7xx_HAL_Driver/Src/stm32f7xx_hal_cortex.o
 .debug_rnglists
                0x000002d7       0x70 ./Drivers/STM32F7xx_HAL_Driver/Src/stm32f7xx_hal_dma.o
 .debug_rnglists
                0x00000347      0x17d ./Drivers/STM32F7xx_HAL_Driver/Src/stm32f7xx_hal_eth.o
 .debug_rnglists
                0x000004c4       0x3f ./Drivers/STM32F7xx_HAL_Driver/Src/stm32f7xx_hal_gpio.o
 .debug_rnglists
                0x00000503       0xfa ./Drivers/STM32F7xx_HAL_Driver/Src/stm32f7xx_hal_pcd.o
 .debug_rnglists
                0x000005fd       0x32 ./Drivers/STM32F7xx_HAL_Driver/Src/stm32f7xx_hal_pcd_ex.o
 .debug_rnglists
                0x0000062f       0x74 ./Drivers/STM32F7xx_HAL_Driver/Src/stm32f7xx_hal_pwr.o
 .debug_rnglists
                0x000006a3       0x5f ./Drivers/STM32F7xx_HAL_Driver/Src/stm32f7xx_hal_pwr_ex.o
 .debug_rnglists
                0x00000702       0x67 ./Drivers/STM32F7xx_HAL_Driver/Src/stm32f7xx_hal_rcc.o
 .debug_rnglists
                0x00000769       0x3c ./Drivers/STM32F7xx_HAL_Driver/Src/stm32f7xx_hal_rcc_ex.o
 .debug_rnglists
                0x000007a5      0x178 ./Drivers/STM32F7xx_HAL_Driver/Src/stm32f7xx_hal_spi.o
 .debug_rnglists
                0x0000091d      0x1e0 ./Drivers/STM32F7xx_HAL_Driver/Src/stm32f7xx_hal_uart.o
 .debug_rnglists
                0x00000afd      0x147 ./Drivers/STM32F7xx_HAL_Driver/Src/stm32f7xx_ll_usb.o

.debug_macro    0x00000000    0x29093
 .debug_macro   0x00000000      0x2f8 ./Core/Src/main.o
 .debug_macro   0x000002f8      0xacc ./Core/Src/main.o
 .debug_macro   0x00000dc4      0x29f ./Core/Src/main.o
 .debug_macro   0x00001063       0x2e ./Core/Src/main.o
 .debug_macro   0x00001091       0x3b ./Core/Src/main.o
 .debug_macro   0x000010cc       0x22 ./Core/Src/main.o
 .debug_macro   0x000010ee       0x8e ./Core/Src/main.o
 .debug_macro   0x0000117c       0x51 ./Core/Src/main.o
 .debug_macro   0x000011cd      0x103 ./Core/Src/main.o
 .debug_macro   0x000012d0       0x6a ./Core/Src/main.o
 .debug_macro   0x0000133a      0x1df ./Core/Src/main.o
 .debug_macro   0x00001519       0x1c ./Core/Src/main.o
 .debug_macro   0x00001535       0x22 ./Core/Src/main.o
 .debug_macro   0x00001557       0xd9 ./Core/Src/main.o
 .debug_macro   0x00001630     0x12cd ./Core/Src/main.o
 .debug_macro   0x000028fd      0x11f ./Core/Src/main.o
 .debug_macro   0x00002a1c       0x19 ./Core/Src/main.o
 .debug_macro   0x00002a35    0x1aa23 ./Core/Src/main.o
 .debug_macro   0x0001d458       0x6d ./Core/Src/main.o
 .debug_macro   0x0001d4c5     0x3765 ./Core/Src/main.o
 .debug_macro   0x00020c2a      0x189 ./Core/Src/main.o
 .debug_macro   0x00020db3       0x63 ./Core/Src/main.o
 .debug_macro   0x00020e16     0x1add ./Core/Src/main.o
 .debug_macro   0x000228f3      0x6c4 ./Core/Src/main.o
 .debug_macro   0x00022fb7      0x18b ./Core/Src/main.o
 .debug_macro   0x00023142      0x115 ./Core/Src/main.o
 .debug_macro   0x00023257      0x26e ./Core/Src/main.o
 .debug_macro   0x000234c5       0xa5 ./Core/Src/main.o
 .debug_macro   0x0002356a      0x24f ./Core/Src/main.o
 .debug_macro   0x000237b9       0x71 ./Core/Src/main.o
 .debug_macro   0x0002382a       0x58 ./Core/Src/main.o
 .debug_macro   0x00023882      0x236 ./Core/Src/main.o
 .debug_macro   0x00023ab8      0xb99 ./Core/Src/main.o
 .debug_macro   0x00024651      0x14e ./Core/Src/main.o
 .debug_macro   0x0002479f      0x3db ./Core/Src/main.o
 .debug_macro   0x00024b7a       0x12 ./Core/Src/main.o
 .debug_macro   0x00024b8c      0x22c ./Core/Src/main.o
 .debug_macro   0x00024db8       0x61 ./Core/Src/main.o
 .debug_macro   0x00024e19       0xa5 ./Core/Src/main.o
 .debug_macro   0x00024ebe      0x12e ./Core/Src/main.o
 .debug_macro   0x00024fec      0x108 ./Core/Src/main.o
 .debug_macro   0x000250f4       0x35 ./Core/Src/main.o
 .debug_macro   0x00025129      0x2fe ./Core/Src/main.o
 .debug_macro   0x00025427      0x5ba ./Core/Src/main.o
 .debug_macro   0x000259e1       0x44 ./Core/Src/main.o
 .debug_macro   0x00025a25      0x2cb ./Core/Src/main.o
 .debug_macro   0x00025cf0       0xba ./Core/Src/main.o
 .debug_macro   0x00025daa      0x15b ./Core/Src/main.o
 .debug_macro   0x00025f05      0x13c ./Core/Src/main.o
 .debug_macro   0x00026041       0x61 ./Core/Src/main.o
 .debug_macro   0x000260a2       0x29 ./Core/Src/main.o
 .debug_macro   0x000260cb       0x43 ./Core/Src/main.o
 .debug_macro   0x0002610e       0x34 ./Core/Src/main.o
 .debug_macro   0x00026142       0x16 ./Core/Src/main.o
 .debug_macro   0x00026158       0x43 ./Core/Src/main.o
 .debug_macro   0x0002619b       0x34 ./Core/Src/main.o
 .debug_macro   0x000261cf       0x10 ./Core/Src/main.o
 .debug_macro   0x000261df       0x58 ./Core/Src/main.o
 .debug_macro   0x00026237       0x8e ./Core/Src/main.o
 .debug_macro   0x000262c5       0x1c ./Core/Src/main.o
 .debug_macro   0x000262e1      0x177 ./Core/Src/main.o
 .debug_macro   0x00026458      0x369 ./Core/Src/main.o
 .debug_macro   0x000267c1       0x10 ./Core/Src/main.o
 .debug_macro   0x000267d1       0x35 ./Core/Src/main.o
 .debug_macro   0x00026806       0x20 ./Core/Src/main.o
 .debug_macro   0x00026826       0x22 ./Core/Src/main.o
 .debug_macro   0x00026848      0x221 ./Core/Src/stm32f7xx_hal_msp.o
 .debug_macro   0x00026a69      0x22b ./Core/Src/stm32f7xx_it.o
 .debug_macro   0x00026c94      0x212 ./Core/Src/system_stm32f7xx.o
 .debug_macro   0x00026ea6      0x2f8 ./Core/Src/ws2812_spi.o
 .debug_macro   0x0002719e       0x5d ./Core/Src/ws2812_spi.o
 .debug_macro   0x000271fb      0x236 ./Drivers/STM32F7xx_HAL_Driver/Src/stm32f7xx_hal.o
 .debug_macro   0x00027431      0x212 ./Drivers/STM32F7xx_HAL_Driver/Src/stm32f7xx_hal_cortex.o
 .debug_macro   0x00027643      0x218 ./Drivers/STM32F7xx_HAL_Driver/Src/stm32f7xx_hal_dma.o
 .debug_macro   0x0002785b      0x2ec ./Drivers/STM32F7xx_HAL_Driver/Src/stm32f7xx_hal_eth.o
 .debug_macro   0x00027b47      0x218 ./Drivers/STM32F7xx_HAL_Driver/Src/stm32f7xx_hal_gpio.o
 .debug_macro   0x00027d5f      0x21e ./Drivers/STM32F7xx_HAL_Driver/Src/stm32f7xx_hal_pcd.o
 .debug_macro   0x00027f7d      0x212 ./Drivers/STM32F7xx_HAL_Driver/Src/stm32f7xx_hal_pcd_ex.o
 .debug_macro   0x0002818f      0x230 ./Drivers/STM32F7xx_HAL_Driver/Src/stm32f7xx_hal_pwr.o
 .debug_macro   0x000283bf      0x22a ./Drivers/STM32F7xx_HAL_Driver/Src/stm32f7xx_hal_pwr_ex.o
 .debug_macro   0x000285e9      0x236 ./Drivers/STM32F7xx_HAL_Driver/Src/stm32f7xx_hal_rcc.o
 .debug_macro   0x0002881f      0x212 ./Drivers/STM32F7xx_HAL_Driver/Src/stm32f7xx_hal_rcc_ex.o
 .debug_macro   0x00028a31      0x221 ./Drivers/STM32F7xx_HAL_Driver/Src/stm32f7xx_hal_spi.o
 .debug_macro   0x00028c52      0x22f ./Drivers/STM32F7xx_HAL_Driver/Src/stm32f7xx_hal_uart.o
 .debug_macro   0x00028e81      0x212 ./Drivers/STM32F7xx_HAL_Driver/Src/stm32f7xx_ll_usb.o

.debug_line     0x00000000    0x13640
 .debug_line    0x00000000      0xab1 ./Core/Src/main.o
 .debug_line    0x00000ab1      0x8f8 ./Core/Src/stm32f7xx_hal_msp.o
 .debug_line    0x000013a9      0x7f7 ./Core/Src/stm32f7xx_it.o
 .debug_line    0x00001ba0      0x79f ./Core/Src/system_stm32f7xx.o
 .debug_line    0x0000233f      0x981 ./Core/Src/ws2812_spi.o
 .debug_line    0x00002cc0       0x7a ./Core/Startup/startup_stm32f767zitx.o
 .debug_line    0x00002d3a      0xa6f ./Drivers/STM32F7xx_HAL_Driver/Src/stm32f7xx_hal.o
 .debug_line    0x000037a9      0xce1 ./Drivers/STM32F7xx_HAL_Driver/Src/stm32f7xx_hal_cortex.o
 .debug_line    0x0000448a      0xf8e ./Drivers/STM32F7xx_HAL_Driver/Src/stm32f7xx_hal_dma.o
 .debug_line    0x00005418     0x19ff ./Drivers/STM32F7xx_HAL_Driver/Src/stm32f7xx_hal_eth.o
 .debug_line    0x00006e17      0xbc5 ./Drivers/STM32F7xx_HAL_Driver/Src/stm32f7xx_hal_gpio.o
 .debug_line    0x000079dc     0x1497 ./Drivers/STM32F7xx_HAL_Driver/Src/stm32f7xx_hal_pcd.o
 .debug_line    0x00008e73      0x83e ./Drivers/STM32F7xx_HAL_Driver/Src/stm32f7xx_hal_pcd_ex.o
 .debug_line    0x000096b1      0x943 ./Drivers/STM32F7xx_HAL_Driver/Src/stm32f7xx_hal_pwr.o
 .debug_line    0x00009ff4      0x9c3 ./Drivers/STM32F7xx_HAL_Driver/Src/stm32f7xx_hal_pwr_ex.o
 .debug_line    0x0000a9b7      0xe9f ./Drivers/STM32F7xx_HAL_Driver/Src/stm32f7xx_hal_rcc.o
 .debug_line    0x0000b856      0xe76 ./Drivers/STM32F7xx_HAL_Driver/Src/stm32f7xx_hal_rcc_ex.o
 .debug_line    0x0000c6cc     0x2009 ./Drivers/STM32F7xx_HAL_Driver/Src/stm32f7xx_hal_spi.o
 .debug_line    0x0000e6d5     0x31b0 ./Drivers/STM32F7xx_HAL_Driver/Src/stm32f7xx_hal_uart.o
 .debug_line    0x00011885     0x1dbb ./Drivers/STM32F7xx_HAL_Driver/Src/stm32f7xx_ll_usb.o

.debug_str      0x00000000    0xfb5bf
 .debug_str     0x00000000    0xf6d80 ./Core/Src/main.o
                              0xf75bc (size before relaxing)
 .debug_str     0x000f6d80      0x37b ./Core/Src/stm32f7xx_hal_msp.o
                              0xf3cfb (size before relaxing)
 .debug_str     0x000f70fb       0xf4 ./Core/Src/stm32f7xx_it.o
                              0xf2b9c (size before relaxing)
 .debug_str     0x000f71ef      0x190 ./Core/Src/system_stm32f7xx.o
                              0xf262c (size before relaxing)
 .debug_str     0x000f737f       0xe2 ./Core/Src/ws2812_spi.o
                              0xf600b (size before relaxing)
 .debug_str     0x000f7461       0x44 ./Core/Startup/startup_stm32f767zitx.o
                                 0x82 (size before relaxing)
 .debug_str     0x000f74a5      0x43d ./Drivers/STM32F7xx_HAL_Driver/Src/stm32f7xx_hal.o
                              0xf306c (size before relaxing)
 .debug_str     0x000f78e2      0x363 ./Drivers/STM32F7xx_HAL_Driver/Src/stm32f7xx_hal_cortex.o
                              0xf304e (size before relaxing)
 .debug_str     0x000f7c45      0x2eb ./Drivers/STM32F7xx_HAL_Driver/Src/stm32f7xx_hal_dma.o
                              0xf296b (size before relaxing)
 .debug_str     0x000f7f30     0x1222 ./Drivers/STM32F7xx_HAL_Driver/Src/stm32f7xx_hal_eth.o
                              0xf3e4d (size before relaxing)
 .debug_str     0x000f9152       0xe8 ./Drivers/STM32F7xx_HAL_Driver/Src/stm32f7xx_hal_gpio.o
                              0xf26ea (size before relaxing)
 .debug_str     0x000f923a      0x81d ./Drivers/STM32F7xx_HAL_Driver/Src/stm32f7xx_hal_pcd.o
                              0xf3065 (size before relaxing)
 .debug_str     0x000f9a57      0x12d ./Drivers/STM32F7xx_HAL_Driver/Src/stm32f7xx_hal_pcd_ex.o
                              0xf2967 (size before relaxing)
 .debug_str     0x000f9b84      0x2ac ./Drivers/STM32F7xx_HAL_Driver/Src/stm32f7xx_hal_pwr.o
                              0xf28cd (size before relaxing)
 .debug_str     0x000f9e30      0x1bd ./Drivers/STM32F7xx_HAL_Driver/Src/stm32f7xx_hal_pwr_ex.o
                              0xf289b (size before relaxing)
 .debug_str     0x000f9fed      0x245 ./Drivers/STM32F7xx_HAL_Driver/Src/stm32f7xx_hal_rcc.o
                              0xf29a7 (size before relaxing)
 .debug_str     0x000fa232      0x13f ./Drivers/STM32F7xx_HAL_Driver/Src/stm32f7xx_hal_rcc_ex.o
                              0xf290a (size before relaxing)
 .debug_str     0x000fa371      0x562 ./Drivers/STM32F7xx_HAL_Driver/Src/stm32f7xx_hal_spi.o
                              0xf2e6c (size before relaxing)
 .debug_str     0x000fa8d3      0x841 ./Drivers/STM32F7xx_HAL_Driver/Src/stm32f7xx_hal_uart.o
                              0xf32f5 (size before relaxing)
 .debug_str     0x000fb114      0x4ab ./Drivers/STM32F7xx_HAL_Driver/Src/stm32f7xx_ll_usb.o
                              0xf2f42 (size before relaxing)

.comment        0x00000000       0x43
 .comment       0x00000000       0x43 ./Core/Src/main.o
                                 0x44 (size before relaxing)
 .comment       0x00000043       0x44 ./Core/Src/stm32f7xx_hal_msp.o
 .comment       0x00000043       0x44 ./Core/Src/stm32f7xx_it.o
 .comment       0x00000043       0x44 ./Core/Src/system_stm32f7xx.o
 .comment       0x00000043       0x44 ./Core/Src/ws2812_spi.o
 .comment       0x00000043       0x44 ./Drivers/STM32F7xx_HAL_Driver/Src/stm32f7xx_hal.o
 .comment       0x00000043       0x44 ./Drivers/STM32F7xx_HAL_Driver/Src/stm32f7xx_hal_cortex.o
 .comment       0x00000043       0x44 ./Drivers/STM32F7xx_HAL_Driver/Src/stm32f7xx_hal_dma.o
 .comment       0x00000043       0x44 ./Drivers/STM32F7xx_HAL_Driver/Src/stm32f7xx_hal_eth.o
 .comment       0x00000043       0x44 ./Drivers/STM32F7xx_HAL_Driver/Src/stm32f7xx_hal_gpio.o
 .comment       0x00000043       0x44 ./Drivers/STM32F7xx_HAL_Driver/Src/stm32f7xx_hal_pcd.o
 .comment       0x00000043       0x44 ./Drivers/STM32F7xx_HAL_Driver/Src/stm32f7xx_hal_pcd_ex.o
 .comment       0x00000043       0x44 ./Drivers/STM32F7xx_HAL_Driver/Src/stm32f7xx_hal_pwr.o
 .comment       0x00000043       0x44 ./Drivers/STM32F7xx_HAL_Driver/Src/stm32f7xx_hal_pwr_ex.o
 .comment       0x00000043       0x44 ./Drivers/STM32F7xx_HAL_Driver/Src/stm32f7xx_hal_rcc.o
 .comment       0x00000043       0x44 ./Drivers/STM32F7xx_HAL_Driver/Src/stm32f7xx_hal_rcc_ex.o
 .comment       0x00000043       0x44 ./Drivers/STM32F7xx_HAL_Driver/Src/stm32f7xx_hal_spi.o
 .comment       0x00000043       0x44 ./Drivers/STM32F7xx_HAL_Driver/Src/stm32f7xx_hal_uart.o
 .comment       0x00000043       0x44 ./Drivers/STM32F7xx_HAL_Driver/Src/stm32f7xx_ll_usb.o

.debug_frame    0x00000000     0x428c
 .debug_frame   0x00000000      0x148 ./Core/Src/main.o
 .debug_frame   0x00000148      0x160 ./Core/Src/stm32f7xx_hal_msp.o
 .debug_frame   0x000002a8      0x120 ./Core/Src/stm32f7xx_it.o
 .debug_frame   0x000003c8       0x58 ./Core/Src/system_stm32f7xx.o
 .debug_frame   0x00000420       0x9c ./Core/Src/ws2812_spi.o
 .debug_frame   0x000004bc      0x3f4 ./Drivers/STM32F7xx_HAL_Driver/Src/stm32f7xx_hal.o
 .debug_frame   0x000008b0      0x4e8 ./Drivers/STM32F7xx_HAL_Driver/Src/stm32f7xx_hal_cortex.o
 .debug_frame   0x00000d98      0x250 ./Drivers/STM32F7xx_HAL_Driver/Src/stm32f7xx_hal_dma.o
 .debug_frame   0x00000fe8      0x898 ./Drivers/STM32F7xx_HAL_Driver/Src/stm32f7xx_hal_eth.o
 .debug_frame   0x00001880      0x14c ./Drivers/STM32F7xx_HAL_Driver/Src/stm32f7xx_hal_gpio.o
 .debug_frame   0x000019cc      0x5b8 ./Drivers/STM32F7xx_HAL_Driver/Src/stm32f7xx_hal_pcd.o
 .debug_frame   0x00001f84      0x100 ./Drivers/STM32F7xx_HAL_Driver/Src/stm32f7xx_hal_pcd_ex.o
 .debug_frame   0x00002084      0x254 ./Drivers/STM32F7xx_HAL_Driver/Src/stm32f7xx_hal_pwr.o
 .debug_frame   0x000022d8      0x1c8 ./Drivers/STM32F7xx_HAL_Driver/Src/stm32f7xx_hal_pwr_ex.o
 .debug_frame   0x000024a0      0x1f8 ./Drivers/STM32F7xx_HAL_Driver/Src/stm32f7xx_hal_rcc.o
 .debug_frame   0x00002698      0x118 ./Drivers/STM32F7xx_HAL_Driver/Src/stm32f7xx_hal_rcc_ex.o
 .debug_frame   0x000027b0      0x860 ./Drivers/STM32F7xx_HAL_Driver/Src/stm32f7xx_hal_spi.o
 .debug_frame   0x00003010      0xa10 ./Drivers/STM32F7xx_HAL_Driver/Src/stm32f7xx_hal_uart.o
 .debug_frame   0x00003a20      0x7c0 ./Drivers/STM32F7xx_HAL_Driver/Src/stm32f7xx_ll_usb.o
 .debug_frame   0x000041e0       0x20 /opt/st/stm32cubeide_1.15.1/plugins/com.st.stm32cube.ide.mcu.externaltools.gnu-tools-for-stm32.12.3.rel1.linux64_1.0.100.202403111256/tools/bin/../lib/gcc/arm-none-eabi/12.3.1/../../../../arm-none-eabi/lib/thumb/v7e-m+dp/hard/libc_nano.a(libc_a-memset.o)
 .debug_frame   0x00004200       0x2c /opt/st/stm32cubeide_1.15.1/plugins/com.st.stm32cube.ide.mcu.externaltools.gnu-tools-for-stm32.12.3.rel1.linux64_1.0.100.202403111256/tools/bin/../lib/gcc/arm-none-eabi/12.3.1/../../../../arm-none-eabi/lib/thumb/v7e-m+dp/hard/libc_nano.a(libc_a-init.o)
 .debug_frame   0x0000422c       0x2c /opt/st/stm32cubeide_1.15.1/plugins/com.st.stm32cube.ide.mcu.externaltools.gnu-tools-for-stm32.12.3.rel1.linux64_1.0.100.202403111256/tools/bin/../lib/gcc/arm-none-eabi/12.3.1/thumb/v7e-m+dp/hard/libgcc.a(_aeabi_uldivmod.o)
 .debug_frame   0x00004258       0x34 /opt/st/stm32cubeide_1.15.1/plugins/com.st.stm32cube.ide.mcu.externaltools.gnu-tools-for-stm32.12.3.rel1.linux64_1.0.100.202403111256/tools/bin/../lib/gcc/arm-none-eabi/12.3.1/thumb/v7e-m+dp/hard/libgcc.a(_udivmoddi4.o)

.debug_line_str
                0x00000000       0x66
 .debug_line_str
                0x00000000       0x66 ./Core/Startup/startup_stm32f767zitx.o
