../Core/Src/main.c:91:6:HAL_SPI_TxCpltCallback	16	static
../Core/Src/main.c:102:5:main	16	static
../Core/Src/main.c:166:6:SystemClock_Config	88	static
../Core/Src/main.c:224:13:MX_ETH_Init	8	static
../Core/Src/main.c:273:13:MX_SPI2_Init	8	static
../Core/Src/main.c:313:13:MX_USART3_UART_Init	8	static
../Core/Src/main.c:348:13:MX_USB_OTG_FS_PCD_Init	8	static
../Core/Src/main.c:381:13:MX_DMA_Init	16	static
../Core/Src/main.c:399:13:MX_GPIO_Init	56	static
../Core/Src/main.c:457:6:Error_Handler	4	static,ignoring_inline_asm
